[s40] waiting for round-2 collection (meta_r2 manifest)...
[s40] collection done -> train share0.4
  epoch  43  train=0.62771  val=0.58271  val_action=0.4711  val_skill=0.1116  | switch: acc=0.961  p_new=0.941  p_stay=0.059  pnew_pos0=0.910  gate_pos0=0.935  pnew_pos1=0.965  gate_pos1=0.993  pnew_pos2=0.960  gate_pos2=0.994  pnew_pos3=0.954  gate_pos3=0.994  pnew_pos4=0.947  gate_pos4=0.994  pnew_pos5=0.940  gate_pos5=0.992  pnew_pos6=0.924  gate_pos6=0.988  pnew_pos7=0.882  gate_pos7=0.994  pnew_pos8=0.848  gate_pos8=0.991  pnew_pos9=0.935  gate_pos9=0.973  pnew_pos10=0.879  gate_pos10=0.988  pnew_pos11=0.710  gate_pos11=0.990  | logic: bce=0.168  acc=0.941  precision=0.465  recall=0.931  pos_rate_pred=0.043  p_switch_at_switch=0.911  *
  epoch  44  train=0.63889  val=0.69785  val_action=0.6079  val_skill=0.0900  | switch: acc=0.946  p_new=0.908  p_stay=0.092  pnew_pos0=0.877  gate_pos0=0.947  pnew_pos1=0.943  gate_pos1=0.993  pnew_pos2=0.946  gate_pos2=0.995  pnew_pos3=0.934  gate_pos3=0.994  pnew_pos4=0.923  gate_pos4=0.985  pnew_pos5=0.865  gate_pos5=0.985  pnew_pos6=0.805  gate_pos6=0.971  pnew_pos7=0.601  gate_pos7=0.954  pnew_pos8=0.611  gate_pos8=0.927  pnew_pos9=0.720  gate_pos9=0.876  pnew_pos10=0.627  gate_pos10=0.869  pnew_pos11=0.430  gate_pos11=0.774  | logic: bce=0.178  acc=0.956  precision=0.464  recall=0.932  pos_rate_pred=0.043  p_switch_at_switch=0.916
  epoch  45  train=0.61560  val=0.59633  val_action=0.4900  val_skill=0.1063  | switch: acc=0.966  p_new=0.954  p_stay=0.046  pnew_pos0=0.934  gate_pos0=0.956  pnew_pos1=0.972  gate_pos1=0.996  pnew_pos2=0.967  gate_pos2=0.996  pnew_pos3=0.964  gate_pos3=0.996  pnew_pos4=0.963  gate_pos4=0.995  pnew_pos5=0.941  gate_pos5=0.994  pnew_pos6=0.922  gate_pos6=0.981  pnew_pos7=0.871  gate_pos7=0.991  pnew_pos8=0.867  gate_pos8=0.996  pnew_pos9=0.982  gate_pos9=0.995  pnew_pos10=0.971  gate_pos10=0.995  pnew_pos11=0.816  gate_pos11=0.995  | logic: bce=0.136  acc=0.956  precision=0.474  recall=0.947  pos_rate_pred=0.043  p_switch_at_switch=0.931
  epoch  46  train=0.61683  val=0.55571  val_action=0.4467  val_skill=0.1090  | switch: acc=0.975  p_new=0.965  p_stay=0.035  pnew_pos0=0.938  gate_pos0=0.964  pnew_pos1=0.982  gate_pos1=0.995  pnew_pos2=0.980  gate_pos2=0.996  pnew_pos3=0.979  gate_pos3=0.996  pnew_pos4=0.975  gate_pos4=0.996  pnew_pos5=0.966  gate_pos5=0.995  pnew_pos6=0.949  gate_pos6=0.991  pnew_pos7=0.911  gate_pos7=0.996  pnew_pos8=0.866  gate_pos8=0.995  pnew_pos9=0.956  gate_pos9=0.990  pnew_pos10=0.962  gate_pos10=0.994  pnew_pos11=0.830  gate_pos11=0.995  | logic: bce=0.146  acc=0.948  precision=0.497  recall=0.935  pos_rate_pred=0.039  p_switch_at_switch=0.919  *
  epoch  47  train=0.61300  val=0.55628  val_action=0.4582  val_skill=0.0981  | switch: acc=0.958  p_new=0.939  p_stay=0.061  pnew_pos0=0.887  gate_pos0=0.941  pnew_pos1=0.960  gate_pos1=0.990  pnew_pos2=0.965  gate_pos2=0.996  pnew_pos3=0.966  gate_pos3=0.996  pnew_pos4=0.961  gate_pos4=0.997  pnew_pos5=0.950  gate_pos5=0.996  pnew_pos6=0.937  gate_pos6=0.995  pnew_pos7=0.893  gate_pos7=0.998  pnew_pos8=0.816  gate_pos8=0.998  pnew_pos9=0.933  gate_pos9=0.996  pnew_pos10=0.936  gate_pos10=0.996  pnew_pos11=0.751  gate_pos11=0.997  | logic: bce=0.136  acc=0.949  precision=0.513  recall=0.943  pos_rate_pred=0.040  p_switch_at_switch=0.928
  epoch  48  train=0.59425  val=0.60380  val_action=0.5053  val_skill=0.0984  | switch: acc=0.967  p_new=0.944  p_stay=0.056  pnew_pos0=0.920  gate_pos0=0.956  pnew_pos1=0.971  gate_pos1=0.995  pnew_pos2=0.962  gate_pos2=0.994  pnew_pos3=0.956  gate_pos3=0.993  pnew_pos4=0.947  gate_pos4=0.992  pnew_pos5=0.916  gate_pos5=0.985  pnew_pos6=0.892  gate_pos6=0.961  pnew_pos7=0.882  gate_pos7=0.991  pnew_pos8=0.881  gate_pos8=0.983  pnew_pos9=0.938  gate_pos9=0.937  pnew_pos10=0.925  gate_pos10=0.965  pnew_pos11=0.894  gate_pos11=0.987  | logic: bce=0.150  acc=0.943  precision=0.463  recall=0.937  pos_rate_pred=0.045  p_switch_at_switch=0.919
  epoch  49  train=0.60395  val=0.63072  val_action=0.5172  val_skill=0.1135  | switch: acc=0.958  p_new=0.918  p_stay=0.082  pnew_pos0=0.932  gate_pos0=0.972  pnew_pos1=0.943  gate_pos1=0.996  pnew_pos2=0.925  gate_pos2=0.996  pnew_pos3=0.908  gate_pos3=0.995  pnew_pos4=0.902  gate_pos4=0.994  pnew_pos5=0.864  gate_pos5=0.992  pnew_pos6=0.826  gate_pos6=0.988  pnew_pos7=0.839  gate_pos7=0.994  pnew_pos8=0.909  gate_pos8=0.995  pnew_pos9=0.953  gate_pos9=0.994  pnew_pos10=0.953  gate_pos10=0.994  pnew_pos11=0.935  gate_pos11=0.993  | logic: bce=0.171  acc=0.947  precision=0.472  recall=0.934  pos_rate_pred=0.042  p_switch_at_switch=0.918
[done] best val=0.55571  saved src/smerl/runs/smerl_lowalpha_ckpt/bc_phase1_12_r2_s40.pt
=== [P1 r2 s40] eval cross-episode latching ===
[value-norm] skills=[1, 2]  vmin=[0.618, 0.564]  vmax=[0.988, 0.987]
[adapt] 80 meta-eps x 4 sub-eps  (bad skill random in [1, 2])
  success rate by sub-episode index (latching -> rises):
   #0:1.00  #1:0.99  #2:0.96  #3:0.94
  P(first skill == bad) by sub-episode index (avoidance -> falls):
   #0:0.42  #1:0.57  #2:0.09  #3:0.07
  switch-off-bad when committed to bad: 72/93 = 0.77
[viz] saved src/smerl/runs/smerl_lowalpha_ckpt/adapt_multiep_phase1_r2_s40.png
=== [P1 r2 s40] within-episode sanity ===
[value-norm] skills=[1, 2]  vmin=[0.618, 0.564]  vmax=[0.988, 0.987]
                     model  success  succ|failed  %failed  switches
    bc_phase1_12_r2_s40.pt    0.785        0.283     0.30      0.61
=== PHASE 1 R2 S40 DONE ===
